// Jest Snapshot v1, https://goo.gl/fbAQLP

exports[`Shapshot 1`] = `
.c0 {
  width: 100%;
}

.c1 {
  color: white;
  font-size: 2em;
}

<div>
  <img
    className="c0"
    src="tile.jpg"
  />
  <div>
    <img
      alt="7 news logo"
      src="logo.png"
    />
    <div
      className="c1"
    >
      Home and Away
    </div>
  </div>
</div>
`;
